// Jest Snapshot v1, https://goo.gl/fbAQLP

exports[`add adds numbers 1`] = `3`;

exports[`add adds numbers 2`] = `50`;
